CLCD_Program.c:57:6:CLCD_Init	8	static
CLCD_Program.c:154:16:CLCD_SendCommand	32	static
CLCD_Program.c:307:16:CLCD_WriteCharacter	24	static
CLCD_Program.c:453:6:CLCD_SetEightBitMode	8	static
CLCD_Program.c:471:6:CLCD_SetFourBitMode	8	static
CLCD_Program.c:489:6:CLCD_DisplayOnCursorOff	8	static
CLCD_Program.c:507:6:CLCD_DisplayOffCursorOff	8	static
CLCD_Program.c:525:6:CLCD_DisplayOnCursorOn	8	static
CLCD_Program.c:543:6:CLCD_DisplayOffCursorOn	8	static
CLCD_Program.c:561:6:CLCD_BlinkCursor	8	static
CLCD_Program.c:579:6:CLCD_ShiftLeftCursor	8	static
CLCD_Program.c:597:6:CLCD_ShiftRightCursor	8	static
CLCD_Program.c:615:6:CLCD_ShiftDisplayLeft	8	static
CLCD_Program.c:633:6:CLCD_ShiftDisplayRight	8	static
CLCD_Program.c:651:6:CLCD_BeginAtFirstLine	8	static
CLCD_Program.c:669:6:CLCD_BeginAtSecondLine	8	static
CLCD_Program.c:687:6:CLCD_ClearDisplay	8	static
CLCD_Program.c:705:6:CLCD_SetEntryMode	8	static
CLCD_Program.c:726:16:CLCD_WriteString	24	static
CLCD_Program.c:778:16:CLCD_WriteNumber	40	static
CLCD_Program.c:857:16:CLCD_SetCGRamAddress	24	static
CLCD_Program.c:895:16:CLCD_WriteCustomCharactersOnCGRam	24	static
CLCD_Program.c:943:16:CLCD_MoveCursor	24	static
