Archive member included to satisfy reference by file (symbol)

c:/st/stm32cubeide_1.4.0/stm32cubeide/plugins/com.st.stm32cube.ide.mcu.externaltools.gnu-tools-for-stm32.7-2018-q2-update.win32_1.4.0.202007081208/tools/bin/../lib/gcc/arm-none-eabi/7.3.1/../../../../arm-none-eabi/lib/thumb/v7-m\libc_nano.a(lib_a-errno.o)
                              Core/Src/syscalls.o (__errno)
c:/st/stm32cubeide_1.4.0/stm32cubeide/plugins/com.st.stm32cube.ide.mcu.externaltools.gnu-tools-for-stm32.7-2018-q2-update.win32_1.4.0.202007081208/tools/bin/../lib/gcc/arm-none-eabi/7.3.1/../../../../arm-none-eabi/lib/thumb/v7-m\libc_nano.a(lib_a-exit.o)
                              c:/st/stm32cubeide_1.4.0/stm32cubeide/plugins/com.st.stm32cube.ide.mcu.externaltools.gnu-tools-for-stm32.7-2018-q2-update.win32_1.4.0.202007081208/tools/bin/../lib/gcc/arm-none-eabi/7.3.1/../../../../arm-none-eabi/lib/thumb/v7-m/crt0.o (exit)
c:/st/stm32cubeide_1.4.0/stm32cubeide/plugins/com.st.stm32cube.ide.mcu.externaltools.gnu-tools-for-stm32.7-2018-q2-update.win32_1.4.0.202007081208/tools/bin/../lib/gcc/arm-none-eabi/7.3.1/../../../../arm-none-eabi/lib/thumb/v7-m\libc_nano.a(lib_a-impure.o)
                              c:/st/stm32cubeide_1.4.0/stm32cubeide/plugins/com.st.stm32cube.ide.mcu.externaltools.gnu-tools-for-stm32.7-2018-q2-update.win32_1.4.0.202007081208/tools/bin/../lib/gcc/arm-none-eabi/7.3.1/../../../../arm-none-eabi/lib/thumb/v7-m\libc_nano.a(lib_a-exit.o) (_global_impure_ptr)
c:/st/stm32cubeide_1.4.0/stm32cubeide/plugins/com.st.stm32cube.ide.mcu.externaltools.gnu-tools-for-stm32.7-2018-q2-update.win32_1.4.0.202007081208/tools/bin/../lib/gcc/arm-none-eabi/7.3.1/../../../../arm-none-eabi/lib/thumb/v7-m\libc_nano.a(lib_a-init.o)
                              c:/st/stm32cubeide_1.4.0/stm32cubeide/plugins/com.st.stm32cube.ide.mcu.externaltools.gnu-tools-for-stm32.7-2018-q2-update.win32_1.4.0.202007081208/tools/bin/../lib/gcc/arm-none-eabi/7.3.1/../../../../arm-none-eabi/lib/thumb/v7-m/crt0.o (__libc_init_array)
c:/st/stm32cubeide_1.4.0/stm32cubeide/plugins/com.st.stm32cube.ide.mcu.externaltools.gnu-tools-for-stm32.7-2018-q2-update.win32_1.4.0.202007081208/tools/bin/../lib/gcc/arm-none-eabi/7.3.1/../../../../arm-none-eabi/lib/thumb/v7-m\libc_nano.a(lib_a-memset.o)
                              c:/st/stm32cubeide_1.4.0/stm32cubeide/plugins/com.st.stm32cube.ide.mcu.externaltools.gnu-tools-for-stm32.7-2018-q2-update.win32_1.4.0.202007081208/tools/bin/../lib/gcc/arm-none-eabi/7.3.1/../../../../arm-none-eabi/lib/thumb/v7-m/crt0.o (memset)
c:/st/stm32cubeide_1.4.0/stm32cubeide/plugins/com.st.stm32cube.ide.mcu.externaltools.gnu-tools-for-stm32.7-2018-q2-update.win32_1.4.0.202007081208/tools/bin/../lib/gcc/arm-none-eabi/7.3.1/thumb/v7-m\libgcc.a(_arm_addsubsf3.o)
                              Core/Src/SERVICE_FUNCTIONS.o (__aeabi_fsub)
c:/st/stm32cubeide_1.4.0/stm32cubeide/plugins/com.st.stm32cube.ide.mcu.externaltools.gnu-tools-for-stm32.7-2018-q2-update.win32_1.4.0.202007081208/tools/bin/../lib/gcc/arm-none-eabi/7.3.1/thumb/v7-m\libgcc.a(_arm_muldivsf3.o)
                              Core/Src/SERVICE_FUNCTIONS.o (__aeabi_fmul)
c:/st/stm32cubeide_1.4.0/stm32cubeide/plugins/com.st.stm32cube.ide.mcu.externaltools.gnu-tools-for-stm32.7-2018-q2-update.win32_1.4.0.202007081208/tools/bin/../lib/gcc/arm-none-eabi/7.3.1/thumb/v7-m\libgcc.a(_arm_cmpsf2.o)
                              Core/Src/SERVICE_FUNCTIONS.o (__aeabi_fcmpeq)
c:/st/stm32cubeide_1.4.0/stm32cubeide/plugins/com.st.stm32cube.ide.mcu.externaltools.gnu-tools-for-stm32.7-2018-q2-update.win32_1.4.0.202007081208/tools/bin/../lib/gcc/arm-none-eabi/7.3.1/thumb/v7-m\libgcc.a(_arm_fixsfsi.o)
                              Core/Src/SERVICE_FUNCTIONS.o (__aeabi_f2iz)
c:/st/stm32cubeide_1.4.0/stm32cubeide/plugins/com.st.stm32cube.ide.mcu.externaltools.gnu-tools-for-stm32.7-2018-q2-update.win32_1.4.0.202007081208/tools/bin/../lib/gcc/arm-none-eabi/7.3.1/thumb/v7-m\libgcc.a(_arm_fixunssfsi.o)
                              Core/Src/SERVICE_FUNCTIONS.o (__aeabi_f2uiz)

Allocating common symbols
Common symbol       size              file

address             0x4               Core/Src/parse.o
hcan                0x28              Core/Src/BOOTLOADER_main.o
uwTick              0x4               Drivers/STM32F1xx_HAL_Driver/Src/stm32f1xx_hal.o
pFlash              0x20              Drivers/STM32F1xx_HAL_Driver/Src/stm32f1xx_hal_flash.o
TxHeader            0x18              Core/Src/BOOTLOADER_main.o
RxHeader            0x1c              Core/Src/BOOTLOADER_main.o

Discarded input sections

 .text          0x0000000000000000        0x0 c:/st/stm32cubeide_1.4.0/stm32cubeide/plugins/com.st.stm32cube.ide.mcu.externaltools.gnu-tools-for-stm32.7-2018-q2-update.win32_1.4.0.202007081208/tools/bin/../lib/gcc/arm-none-eabi/7.3.1/thumb/v7-m/crti.o
[...]
Memory Configuration

Name             Origin             Length             Attributes
RAM              0x0000000020000000 0x0000000000005000 xrw
FLASH            0x0000000008000000 0x0000000000010000 xr
*default*        0x0000000000000000 0xffffffffffffffff

Linker script and memory map

LOAD c:/st/stm32cubeide_1.4.0/stm32cubeide/plugins/com.st.stm32cube.ide.mcu.externaltools.gnu-tools-for-stm32.7-2018-q2-update.win32_1.4.0.202007081208/tools/bin/../lib/gcc/arm-none-eabi/7.3.1/thumb/v7-m/crti.o
LOAD c:/st/stm32cubeide_1.4.0/stm32cubeide/plugins/com.st.stm32cube.ide.mcu.externaltools.gnu-tools-for-stm32.7-2018-q2-update.win32_1.4.0.202007081208/tools/bin/../lib/gcc/arm-none-eabi/7.3.1/thumb/v7-m/crtbegin.o
LOAD c:/st/stm32cubeide_1.4.0/stm32cubeide/plugins/com.st.stm32cube.ide.mcu.externaltools.gnu-tools-for-stm32.7-2018-q2-update.win32_1.4.0.202007081208/tools/bin/../lib/gcc/arm-none-eabi/7.3.1/../../../../arm-none-eabi/lib/thumb/v7-m/crt0.o
LOAD Core/Src/BOOTLOADER_main.o
LOAD Core/Src/CLCD_Program.o
LOAD Core/Src/FPEC_Program.o
LOAD Core/Src/GPIO_Program.o
LOAD Core/Src/SCB_Program.o
LOAD Core/Src/SERVICE_FUNCTIONS.o
LOAD Core/Src/parse.o
LOAD Core/Src/stm32f1xx_hal_msp.o
LOAD Core/Src/stm32f1xx_it.o
LOAD Core/Src/syscalls.o
LOAD Core/Src/sysmem.o
LOAD Core/Src/system_stm32f1xx.o
LOAD Core/Startup/startup_stm32f103c8tx.o
LOAD Drivers/STM32F1xx_HAL_Driver/Src/stm32f1xx_hal.o
LOAD Drivers/STM32F1xx_HAL_Driver/Src/stm32f1xx_hal_can.o
LOAD Drivers/STM32F1xx_HAL_Driver/Src/stm32f1xx_hal_cortex.o
LOAD Drivers/STM32F1xx_HAL_Driver/Src/stm32f1xx_hal_dma.o
LOAD Drivers/STM32F1xx_HAL_Driver/Src/stm32f1xx_hal_exti.o
LOAD Drivers/STM32F1xx_HAL_Driver/Src/stm32f1xx_hal_flash.o
LOAD Drivers/STM32F1xx_HAL_Driver/Src/stm32f1xx_hal_flash_ex.o
LOAD Drivers/STM32F1xx_HAL_Driver/Src/stm32f1xx_hal_gpio.o
LOAD Drivers/STM32F1xx_HAL_Driver/Src/stm32f1xx_hal_gpio_ex.o
LOAD Drivers/STM32F1xx_HAL_Driver/Src/stm32f1xx_hal_pwr.o
LOAD Drivers/STM32F1xx_HAL_Driver/Src/stm32f1xx_hal_rcc.o
LOAD Drivers/STM32F1xx_HAL_Driver/Src/stm32f1xx_hal_rcc_ex.o
LOAD Drivers/STM32F1xx_HAL_Driver/Src/stm32f1xx_hal_tim.o
LOAD Drivers/STM32F1xx_HAL_Driver/Src/stm32f1xx_hal_tim_ex.o
START GROUP
LOAD c:/st/stm32cubeide_1.4.0/stm32cubeide/plugins/com.st.stm32cube.ide.mcu.externaltools.gnu-tools-for-stm32.7-2018-q2-update.win32_1.4.0.202007081208/tools/bin/../lib/gcc/arm-none-eabi/7.3.1/../../../../arm-none-eabi/lib/thumb/v7-m\libc_nano.a
LOAD c:/st/stm32cubeide_1.4.0/stm32cubeide/plugins/com.st.stm32cube.ide.mcu.externaltools.gnu-tools-for-stm32.7-2018-q2-update.win32_1.4.0.202007081208/tools/bin/../lib/gcc/arm-none-eabi/7.3.1/../../../../arm-none-eabi/lib/thumb/v7-m\libm.a
END GROUP
START GROUP
LOAD c:/st/stm32cubeide_1.4.0/stm32cubeide/plugins/com.st.stm32cube.ide.mcu.externaltools.gnu-tools-for-stm32.7-2018-q2-update.win32_1.4.0.202007081208/tools/bin/../lib/gcc/arm-none-eabi/7.3.1/thumb/v7-m\libgcc.a
LOAD c:/st/stm32cubeide_1.4.0/stm32cubeide/plugins/com.st.stm32cube.ide.mcu.externaltools.gnu-tools-for-stm32.7-2018-q2-update.win32_1.4.0.202007081208/tools/bin/../lib/gcc/arm-none-eabi/7.3.1/../../../../arm-none-eabi/lib/thumb/v7-m\libc_nano.a
END GROUP
START GROUP
LOAD c:/st/stm32cubeide_1.4.0/stm32cubeide/plugins/com.st.stm32cube.ide.mcu.externaltools.gnu-tools-for-stm32.7-2018-q2-update.win32_1.4.0.202007081208/tools/bin/../lib/gcc/arm-none-eabi/7.3.1/thumb/v7-m\libgcc.a
LOAD c:/st/stm32cubeide_1.4.0/stm32cubeide/plugins/com.st.stm32cube.ide.mcu.externaltools.gnu-tools-for-stm32.7-2018-q2-update.win32_1.4.0.202007081208/tools/bin/../lib/gcc/arm-none-eabi/7.3.1/../../../../arm-none-eabi/lib/thumb/v7-m\libc_nano.a
LOAD c:/st/stm32cubeide_1.4.0/stm32cubeide/plugins/com.st.stm32cube.ide.mcu.externaltools.gnu-tools-for-stm32.7-2018-q2-update.win32_1.4.0.202007081208/tools/bin/../lib/gcc/arm-none-eabi/7.3.1/../../../../arm-none-eabi/lib/thumb/v7-m\libnosys.a
END GROUP
START GROUP
LOAD c:/st/stm32cubeide_1.4.0/stm32cubeide/plugins/com.st.stm32cube.ide.mcu.externaltools.gnu-tools-for-stm32.7-2018-q2-update.win32_1.4.0.202007081208/tools/bin/../lib/gcc/arm-none-eabi/7.3.1/thumb/v7-m\libgcc.a
LOAD c:/st/stm32cubeide_1.4.0/stm32cubeide/plugins/com.st.stm32cube.ide.mcu.externaltools.gnu-tools-for-stm32.7-2018-q2-update.win32_1.4.0.202007081208/tools/bin/../lib/gcc/arm-none-eabi/7.3.1/../../../../arm-none-eabi/lib/thumb/v7-m\libc_nano.a
LOAD c:/st/stm32cubeide_1.4.0/stm32cubeide/plugins/com.st.stm32cube.ide.mcu.externaltools.gnu-tools-for-stm32.7-2018-q2-update.win32_1.4.0.202007081208/tools/bin/../lib/gcc/arm-none-eabi/7.3.1/../../../../arm-none-eabi/lib/thumb/v7-m\libnosys.a
END GROUP
LOAD c:/st/stm32cubeide_1.4.0/stm32cubeide/plugins/com.st.stm32cube.ide.mcu.externaltools.gnu-tools-for-stm32.7-2018-q2-update.win32_1.4.0.202007081208/tools/bin/../lib/gcc/arm-none-eabi/7.3.1/thumb/v7-m/crtend.o
LOAD c:/st/stm32cubeide_1.4.0/stm32cubeide/plugins/com.st.stm32cube.ide.mcu.externaltools.gnu-tools-for-stm32.7-2018-q2-update.win32_1.4.0.202007081208/tools/bin/../lib/gcc/arm-none-eabi/7.3.1/thumb/v7-m/crtn.o
                0x0000000020005000                _estack = (ORIGIN (RAM) + LENGTH (RAM))
                0x0000000000000200                _Min_Heap_Size = 0x200
                0x0000000000000400                _Min_Stack_Size = 0x400

.isr_vector     0x0000000008000000      0x10c
                0x0000000008000000                . = ALIGN (0x4)
 *(.isr_vector)
 .isr_vector    0x0000000008000000      0x10c Core/Startup/startup_stm32f103c8tx.o
                0x0000000008000000                g_pfnVectors
                0x000000000800010c                . = ALIGN (0x4)

.text           0x000000000800010c     0x2b4c
                0x000000000800010c                . = ALIGN (0x4)
 *(.text)
 .text          0x000000000800010c       0x40 c:/st/stm32cubeide_1.4.0/stm32cubeide/plugins/com.st.stm32cube.ide.mcu.externaltools.gnu-tools-for-stm32.7-2018-q2-update.win32_1.4.0.202007081208/tools/bin/../lib/gcc/arm-none-eabi/7.3.1/thumb/v7-m/crtbegin.o
 *(.text*)
 .text.__NVIC_SetPriority
                0x000000000800014c       0x54 Core/Src/BOOTLOADER_main.o
 .text.SysTick_Config
                0x00000000080001a0       0x44 Core/Src/BOOTLOADER_main.o
 .text.main     0x00000000080001e4      0x254 Core/Src/BOOTLOADER_main.o
                0x00000000080001e4                main
 .text.MX_CAN_Init
                0x0000000008000438       0xa4 Core/Src/BOOTLOADER_main.o
 .text.MX_GPIO_Init
                0x00000000080004dc       0xdc Core/Src/BOOTLOADER_main.o
 .text.BOOTLOADER_gumpToAPP1
                0x00000000080005b8       0x2c Core/Src/BOOTLOADER_main.o
                0x00000000080005b8                BOOTLOADER_gumpToAPP1
 .text.BOOTLOADER_gumpToAPP2
                0x00000000080005e4       0x2c Core/Src/BOOTLOADER_main.o
                0x00000000080005e4                BOOTLOADER_gumpToAPP2
 .text.USER_SysTickInit
                0x0000000008000610       0x24 Core/Src/BOOTLOADER_main.o
                0x0000000008000610                USER_SysTickInit
 .text.USER_SysTickDeinit
                0x0000000008000634       0x1c Core/Src/BOOTLOADER_main.o
                0x0000000008000634                USER_SysTickDeinit
 .text.USER_SysTickCallBack
                0x0000000008000650       0x20 Core/Src/BOOTLOADER_main.o
                0x0000000008000650                USER_SysTickCallBack
 .text.USER_clearRxBuffer
                0x0000000008000670       0x30 Core/Src/BOOTLOADER_main.o
                0x0000000008000670                USER_clearRxBuffer
 .text.HAL_CAN_RxFifo0MsgPendingCallback
                0x00000000080006a0       0x54 Core/Src/BOOTLOADER_main.o
                0x00000000080006a0                HAL_CAN_RxFifo0MsgPendingCallback
 .text.HAL_GPIO_EXTI_Callback
                0x00000000080006f4       0x20 Core/Src/BOOTLOADER_main.o
                0x00000000080006f4                HAL_GPIO_EXTI_Callback
 .text.Error_Handler
                0x0000000008000714        0x8 Core/Src/BOOTLOADER_main.o
                0x0000000008000714                Error_Handler
 .text.CLCD_Init
                0x000000000800071c       0x72 Core/Src/CLCD_Program.o
                0x000000000800071c                CLCD_Init
 .text.CLCD_SendCommand
                0x000000000800078e      0x19c Core/Src/CLCD_Program.o
                0x000000000800078e                CLCD_SendCommand
 .text.CLCD_WriteCharacter
                0x000000000800092a      0x13a Core/Src/CLCD_Program.o
                0x000000000800092a                CLCD_WriteCharacter
 .text.CLCD_SetFourBitMode
                0x0000000008000a64        0xe Core/Src/CLCD_Program.o
                0x0000000008000a64                CLCD_SetFourBitMode
 .text.CLCD_DisplayOnCursorOff
                0x0000000008000a72        0xe Core/Src/CLCD_Program.o
                0x0000000008000a72                CLCD_DisplayOnCursorOff
 .text.CLCD_BeginAtSecondLine
                0x0000000008000a80        0xe Core/Src/CLCD_Program.o
                0x0000000008000a80                CLCD_BeginAtSecondLine
 .text.CLCD_ClearDisplay
                0x0000000008000a8e        0xe Core/Src/CLCD_Program.o
                0x0000000008000a8e                CLCD_ClearDisplay
 .text.CLCD_SetEntryMode
                0x0000000008000a9c        0xe Core/Src/CLCD_Program.o
                0x0000000008000a9c                CLCD_SetEntryMode
 .text.CLCD_WriteString
                0x0000000008000aaa       0x52 Core/Src/CLCD_Program.o
                0x0000000008000aaa                CLCD_WriteString
 .text.CLCD_MoveCursor
                0x0000000008000afc       0x56 Core/Src/CLCD_Program.o
                0x0000000008000afc                CLCD_MoveCursor
 *fill*         0x0000000008000b52        0x2 
 .text.FPEC_FlashPageErase
                0x0000000008000b54       0xa8 Core/Src/FPEC_Program.o
                0x0000000008000b54                FPEC_FlashPageErase
 .text.FPEC_EraseBankArea
                0x0000000008000bfc       0x4a Core/Src/FPEC_Program.o
                0x0000000008000bfc                FPEC_EraseBankArea
 *fill*         0x0000000008000c46        0x2 
 .text.FPEC_FlashWriteHexRecord
                0x0000000008000c48       0xd4 Core/Src/FPEC_Program.o
                0x0000000008000c48                FPEC_FlashWriteHexRecord
 .text.FPEC_WriteDataOptionByte
                0x0000000008000d1c      0x128 Core/Src/FPEC_Program.o
                0x0000000008000d1c                FPEC_WriteDataOptionByte
 .text.FPEC_GetDataOptionByte
                0x0000000008000e44       0x70 Core/Src/FPEC_Program.o
                0x0000000008000e44                FPEC_GetDataOptionByte
 .text.GPIO_SetPinMode
                0x0000000008000eb4      0x1dc Core/Src/GPIO_Program.o
                0x0000000008000eb4                GPIO_SetPinMode
 .text.GPIO_SetPinVal
                0x0000000008001090      0x134 Core/Src/GPIO_Program.o
                0x0000000008001090                GPIO_SetPinVal
 .text.SCB_ShiftInterruptVectorTable
                0x00000000080011c4       0x3c Core/Src/SCB_Program.o
                0x00000000080011c4                SCB_ShiftInterruptVectorTable
 .text.SERV_Delay_ms
                0x0000000008001200       0x36 Core/Src/SERVICE_FUNCTIONS.o
                0x0000000008001200                SERV_Delay_ms
 .text.ASCII_TO_HEX
                0x0000000008001236       0x3c Core/Src/parse.o
                0x0000000008001236                ASCII_TO_HEX
 *fill*         0x0000000008001272        0x2 
 .text.parseAddressUpperPart
                0x0000000008001274       0x8c Core/Src/parse.o
                0x0000000008001274                parseAddressUpperPart
 .text.parseData
                0x0000000008001300      0x18c Core/Src/parse.o
                0x0000000008001300                parseData
 .text.Parser_parseRecord
                0x000000000800148c      0x108 Core/Src/parse.o
                0x000000000800148c                Parser_parseRecord
 .text.Parser_GetAppId
                0x0000000008001594       0x44 Core/Src/parse.o
                0x0000000008001594                Parser_GetAppId
 .text.Parser_SetAppId
                0x00000000080015d8       0x40 Core/Src/parse.o
                0x00000000080015d8                Parser_SetAppId
 .text.Parser_isAppAvailable
                0x0000000008001618       0x42 Core/Src/parse.o
                0x0000000008001618                Parser_isAppAvailable
 .text.Parser_ToggleAppId
                0x000000000800165a       0x4c Core/Src/parse.o
                0x000000000800165a                Parser_ToggleAppId
 *fill*         0x00000000080016a6        0x2 
 .text.HAL_MspInit
                0x00000000080016a8       0x64 Core/Src/stm32f1xx_hal_msp.o
                0x00000000080016a8                HAL_MspInit
 .text.HAL_CAN_MspInit
                0x000000000800170c       0xb8 Core/Src/stm32f1xx_hal_msp.o
                0x000000000800170c                HAL_CAN_MspInit
 .text.NMI_Handler
                0x00000000080017c4        0xc Core/Src/stm32f1xx_it.o
                0x00000000080017c4                NMI_Handler
 .text.HardFault_Handler
                0x00000000080017d0        0x6 Core/Src/stm32f1xx_it.o
                0x00000000080017d0                HardFault_Handler
 .text.MemManage_Handler
                0x00000000080017d6        0x6 Core/Src/stm32f1xx_it.o
                0x00000000080017d6                MemManage_Handler
 .text.BusFault_Handler
                0x00000000080017dc        0x6 Core/Src/stm32f1xx_it.o
                0x00000000080017dc                BusFault_Handler
 .text.UsageFault_Handler
                0x00000000080017e2        0x6 Core/Src/stm32f1xx_it.o
                0x00000000080017e2                UsageFault_Handler
 .text.SVC_Handler
                0x00000000080017e8        0xc Core/Src/stm32f1xx_it.o
                0x00000000080017e8                SVC_Handler
 .text.DebugMon_Handler
                0x00000000080017f4        0xc Core/Src/stm32f1xx_it.o
                0x00000000080017f4                DebugMon_Handler
 .text.PendSV_Handler
                0x0000000008001800        0xc Core/Src/stm32f1xx_it.o
                0x0000000008001800                PendSV_Handler
 .text.SysTick_Handler
                0x000000000800180c       0x34 Core/Src/stm32f1xx_it.o
                0x000000000800180c                SysTick_Handler
 .text.USB_LP_CAN1_RX0_IRQHandler
                0x0000000008001840       0x14 Core/Src/stm32f1xx_it.o
                0x0000000008001840                USB_LP_CAN1_RX0_IRQHandler
 .text.CAN1_RX1_IRQHandler
                0x0000000008001854       0x14 Core/Src/stm32f1xx_it.o
                0x0000000008001854                CAN1_RX1_IRQHandler
 .text.EXTI15_10_IRQHandler
                0x0000000008001868       0x10 Core/Src/stm32f1xx_it.o
                0x0000000008001868                EXTI15_10_IRQHandler
 .text.SystemInit
                0x0000000008001878        0xc Core/Src/system_stm32f1xx.o
                0x0000000008001878                SystemInit
 .text.SystemCoreClockUpdate
                0x0000000008001884       0xd8 Core/Src/system_stm32f1xx.o
                0x0000000008001884                SystemCoreClockUpdate
 .text.Reset_Handler
                0x000000000800195c       0x48 Core/Startup/startup_stm32f103c8tx.o
                0x000000000800195c                Reset_Handler
 .text.Default_Handler
                0x00000000080019a4        0x2 Core/Startup/startup_stm32f103c8tx.o
                0x00000000080019a4                RTC_Alarm_IRQHandler
                0x00000000080019a4                EXTI2_IRQHandler
                0x00000000080019a4                TIM1_CC_IRQHandler
                0x00000000080019a4                PVD_IRQHandler
                0x00000000080019a4                EXTI3_IRQHandler
                0x00000000080019a4                EXTI0_IRQHandler
                0x00000000080019a4                I2C2_EV_IRQHandler
                0x00000000080019a4                ADC1_2_IRQHandler
                0x00000000080019a4                SPI1_IRQHandler
                0x00000000080019a4                TAMPER_IRQHandler
                0x00000000080019a4                DMA1_Channel4_IRQHandler
                0x00000000080019a4                USART3_IRQHandler
                0x00000000080019a4                RTC_IRQHandler
                0x00000000080019a4                DMA1_Channel7_IRQHandler
                0x00000000080019a4                TIM4_IRQHandler
                0x00000000080019a4                I2C1_EV_IRQHandler
                0x00000000080019a4                DMA1_Channel6_IRQHandler
                0x00000000080019a4                TIM3_IRQHandler
                0x00000000080019a4                RCC_IRQHandler
                0x00000000080019a4                TIM1_TRG_COM_IRQHandler
                0x00000000080019a4                DMA1_Channel1_IRQHandler
                0x00000000080019a4                Default_Handler
                0x00000000080019a4                EXTI9_5_IRQHandler
                0x00000000080019a4                SPI2_IRQHandler
                0x00000000080019a4                DMA1_Channel5_IRQHandler
                0x00000000080019a4                EXTI4_IRQHandler
                0x00000000080019a4                USB_HP_CAN1_TX_IRQHandler
                0x00000000080019a4                DMA1_Channel3_IRQHandler
                0x00000000080019a4                TIM1_UP_IRQHandler
                0x00000000080019a4                WWDG_IRQHandler
                0x00000000080019a4                TIM2_IRQHandler
                0x00000000080019a4                TIM1_BRK_IRQHandler
                0x00000000080019a4                EXTI1_IRQHandler
                0x00000000080019a4                USART2_IRQHandler
                0x00000000080019a4                I2C2_ER_IRQHandler
                0x00000000080019a4                DMA1_Channel2_IRQHandler
                0x00000000080019a4                CAN1_SCE_IRQHandler
                0x00000000080019a4                FLASH_IRQHandler
                0x00000000080019a4                USART1_IRQHandler
                0x00000000080019a4                I2C1_ER_IRQHandler
                0x00000000080019a4                USBWakeUp_IRQHandler
 *fill*         0x00000000080019a6        0x2 
 .text.HAL_Init
                0x00000000080019a8       0x24 Drivers/STM32F1xx_HAL_Driver/Src/stm32f1xx_hal.o
                0x00000000080019a8                HAL_Init
 .text.HAL_DeInit
                0x00000000080019cc       0x30 Drivers/STM32F1xx_HAL_Driver/Src/stm32f1xx_hal.o
                0x00000000080019cc                HAL_DeInit
 .text.HAL_MspDeInit
                0x00000000080019fc        0xc Drivers/STM32F1xx_HAL_Driver/Src/stm32f1xx_hal.o
                0x00000000080019fc                HAL_MspDeInit
 .text.HAL_IncTick
                0x0000000008001a08       0x24 Drivers/STM32F1xx_HAL_Driver/Src/stm32f1xx_hal.o
                0x0000000008001a08                HAL_IncTick
 .text.HAL_GetTick
                0x0000000008001a2c       0x14 Drivers/STM32F1xx_HAL_Driver/Src/stm32f1xx_hal.o
                0x0000000008001a2c                HAL_GetTick
 .text.HAL_Delay
                0x0000000008001a40       0x44 Drivers/STM32F1xx_HAL_Driver/Src/stm32f1xx_hal.o
                0x0000000008001a40                HAL_Delay
 .text.HAL_CAN_Init
                0x0000000008001a84      0x1f6 Drivers/STM32F1xx_HAL_Driver/Src/stm32f1xx_hal_can.o
                0x0000000008001a84                HAL_CAN_Init
 .text.HAL_CAN_ConfigFilter
                0x0000000008001c7a      0x192 Drivers/STM32F1xx_HAL_Driver/Src/stm32f1xx_hal_can.o
                0x0000000008001c7a                HAL_CAN_ConfigFilter
 .text.HAL_CAN_Start
                0x0000000008001e0c       0x88 Drivers/STM32F1xx_HAL_Driver/Src/stm32f1xx_hal_can.o
                0x0000000008001e0c                HAL_CAN_Start
 .text.HAL_CAN_AddTxMessage
                0x0000000008001e94      0x1b4 Drivers/STM32F1xx_HAL_Driver/Src/stm32f1xx_hal_can.o
                0x0000000008001e94                HAL_CAN_AddTxMessage
 .text.HAL_CAN_GetRxMessage
                0x0000000008002048      0x222 Drivers/STM32F1xx_HAL_Driver/Src/stm32f1xx_hal_can.o
                0x0000000008002048                HAL_CAN_GetRxMessage
 .text.HAL_CAN_ActivateNotification
                0x000000000800226a       0x4a Drivers/STM32F1xx_HAL_Driver/Src/stm32f1xx_hal_can.o
                0x000000000800226a                HAL_CAN_ActivateNotification
 .text.HAL_CAN_IRQHandler
                0x00000000080022b4      0x362 Drivers/STM32F1xx_HAL_Driver/Src/stm32f1xx_hal_can.o
                0x00000000080022b4                HAL_CAN_IRQHandler
 .text.HAL_CAN_TxMailbox0CompleteCallback
                0x0000000008002616       0x12 Drivers/STM32F1xx_HAL_Driver/Src/stm32f1xx_hal_can.o
                0x0000000008002616                HAL_CAN_TxMailbox0CompleteCallback
 .text.HAL_CAN_TxMailbox1CompleteCallback
                0x0000000008002628       0x12 Drivers/STM32F1xx_HAL_Driver/Src/stm32f1xx_hal_can.o
                0x0000000008002628                HAL_CAN_TxMailbox1CompleteCallback
 .text.HAL_CAN_TxMailbox2CompleteCallback
                0x000000000800263a       0x12 Drivers/STM32F1xx_HAL_Driver/Src/stm32f1xx_hal_can.o
                0x000000000800263a                HAL_CAN_TxMailbox2CompleteCallback
 .text.HAL_CAN_TxMailbox0AbortCallback
                0x000000000800264c       0x12 Drivers/STM32F1xx_HAL_Driver/Src/stm32f1xx_hal_can.o
                0x000000000800264c                HAL_CAN_TxMailbox0AbortCallback
 .text.HAL_CAN_TxMailbox1AbortCallback
                0x000000000800265e       0x12 Drivers/STM32F1xx_HAL_Driver/Src/stm32f1xx_hal_can.o
                0x000000000800265e                HAL_CAN_TxMailbox1AbortCallback
 .text.HAL_CAN_TxMailbox2AbortCallback
                0x0000000008002670       0x12 Drivers/STM32F1xx_HAL_Driver/Src/stm32f1xx_hal_can.o
                0x0000000008002670                HAL_CAN_TxMailbox2AbortCallback
 .text.HAL_CAN_RxFifo0FullCallback
                0x0000000008002682       0x12 Drivers/STM32F1xx_HAL_Driver/Src/stm32f1xx_hal_can.o
                0x0000000008002682                HAL_CAN_RxFifo0FullCallback
 .text.HAL_CAN_RxFifo1MsgPendingCallback
                0x0000000008002694       0x12 Drivers/STM32F1xx_HAL_Driver/Src/stm32f1xx_hal_can.o
                0x0000000008002694                HAL_CAN_RxFifo1MsgPendingCallback
 .text.HAL_CAN_RxFifo1FullCallback
                0x00000000080026a6       0x12 Drivers/STM32F1xx_HAL_Driver/Src/stm32f1xx_hal_can.o
                0x00000000080026a6                HAL_CAN_RxFifo1FullCallback
 .text.HAL_CAN_SleepCallback
                0x00000000080026b8       0x12 Drivers/STM32F1xx_HAL_Driver/Src/stm32f1xx_hal_can.o
                0x00000000080026b8                HAL_CAN_SleepCallback
 .text.HAL_CAN_WakeUpFromRxMsgCallback
                0x00000000080026ca       0x12 Drivers/STM32F1xx_HAL_Driver/Src/stm32f1xx_hal_can.o
                0x00000000080026ca                HAL_CAN_WakeUpFromRxMsgCallback
 .text.HAL_CAN_ErrorCallback
                0x00000000080026dc       0x12 Drivers/STM32F1xx_HAL_Driver/Src/stm32f1xx_hal_can.o
                0x00000000080026dc                HAL_CAN_ErrorCallback
 *fill*         0x00000000080026ee        0x2 
 .text.__NVIC_SetPriorityGrouping
                0x00000000080026f0       0x48 Drivers/STM32F1xx_HAL_Driver/Src/stm32f1xx_hal_cortex.o
 .text.__NVIC_GetPriorityGrouping
                0x0000000008002738       0x1c Drivers/STM32F1xx_HAL_Driver/Src/stm32f1xx_hal_cortex.o
 .text.__NVIC_EnableIRQ
                0x0000000008002754       0x38 Drivers/STM32F1xx_HAL_Driver/Src/stm32f1xx_hal_cortex.o
 .text.__NVIC_SetPriority
                0x000000000800278c       0x54 Drivers/STM32F1xx_HAL_Driver/Src/stm32f1xx_hal_cortex.o
 .text.NVIC_EncodePriority
                0x00000000080027e0       0x64 Drivers/STM32F1xx_HAL_Driver/Src/stm32f1xx_hal_cortex.o
 .text.HAL_NVIC_SetPriorityGrouping
                0x0000000008002844       0x16 Drivers/STM32F1xx_HAL_Driver/Src/stm32f1xx_hal_cortex.o
                0x0000000008002844                HAL_NVIC_SetPriorityGrouping
 .text.HAL_NVIC_SetPriority
                0x000000000800285a       0x38 Drivers/STM32F1xx_HAL_Driver/Src/stm32f1xx_hal_cortex.o
                0x000000000800285a                HAL_NVIC_SetPriority
 .text.HAL_NVIC_EnableIRQ
                0x0000000008002892       0x1c Drivers/STM32F1xx_HAL_Driver/Src/stm32f1xx_hal_cortex.o
                0x0000000008002892                HAL_NVIC_EnableIRQ
 *fill*         0x00000000080028ae        0x2 
 .text.HAL_GPIO_Init
                0x00000000080028b0      0x2b4 Drivers/STM32F1xx_HAL_Driver/Src/stm32f1xx_hal_gpio.o
                0x00000000080028b0                HAL_GPIO_Init
 .text.HAL_GPIO_WritePin
                0x0000000008002b64       0x30 Drivers/STM32F1xx_HAL_Driver/Src/stm32f1xx_hal_gpio.o
                0x0000000008002b64                HAL_GPIO_WritePin
 .text.HAL_GPIO_TogglePin
                0x0000000008002b94       0x32 Drivers/STM32F1xx_HAL_Driver/Src/stm32f1xx_hal_gpio.o
                0x0000000008002b94                HAL_GPIO_TogglePin
 *fill*         0x0000000008002bc6        0x2 
 .text.HAL_GPIO_EXTI_IRQHandler
                0x0000000008002bc8       0x30 Drivers/STM32F1xx_HAL_Driver/Src/stm32f1xx_hal_gpio.o
                0x0000000008002bc8                HAL_GPIO_EXTI_IRQHandler
 .text.__libc_init_array
                0x0000000008002bf8       0x48 c:/st/stm32cubeide_1.4.0/stm32cubeide/plugins/com.st.stm32cube.ide.mcu.externaltools.gnu-tools-for-stm32.7-2018-q2-update.win32_1.4.0.202007081208/tools/bin/../lib/gcc/arm-none-eabi/7.3.1/../../../../arm-none-eabi/lib/thumb/v7-m\libc_nano.a(lib_a-init.o)
                0x0000000008002bf8                __libc_init_array
 *(.glue_7)
 .glue_7        0x0000000008002c40        0x0 linker stubs
 *(.glue_7t)
 .glue_7t       0x0000000008002c40        0x0 linker stubs
 *(.eh_frame)
 .eh_frame      0x0000000008002c40        0x0 c:/st/stm32cubeide_1.4.0/stm32cubeide/plugins/com.st.stm32cube.ide.mcu.externaltools.gnu-tools-for-stm32.7-2018-q2-update.win32_1.4.0.202007081208/tools/bin/../lib/gcc/arm-none-eabi/7.3.1/thumb/v7-m/crtbegin.o
 *(.init)
 .init          0x0000000008002c40        0x4 c:/st/stm32cubeide_1.4.0/stm32cubeide/plugins/com.st.stm32cube.ide.mcu.externaltools.gnu-tools-for-stm32.7-2018-q2-update.win32_1.4.0.202007081208/tools/bin/../lib/gcc/arm-none-eabi/7.3.1/thumb/v7-m/crti.o
                0x0000000008002c40                _init
 .init          0x0000000008002c44        0x8 c:/st/stm32cubeide_1.4.0/stm32cubeide/plugins/com.st.stm32cube.ide.mcu.externaltools.gnu-tools-for-stm32.7-2018-q2-update.win32_1.4.0.202007081208/tools/bin/../lib/gcc/arm-none-eabi/7.3.1/thumb/v7-m/crtn.o
 *(.fini)
 .fini          0x0000000008002c4c        0x4 c:/st/stm32cubeide_1.4.0/stm32cubeide/plugins/com.st.stm32cube.ide.mcu.externaltools.gnu-tools-for-stm32.7-2018-q2-update.win32_1.4.0.202007081208/tools/bin/../lib/gcc/arm-none-eabi/7.3.1/thumb/v7-m/crti.o
                0x0000000008002c4c                _fini
 .fini          0x0000000008002c50        0x8 c:/st/stm32cubeide_1.4.0/stm32cubeide/plugins/com.st.stm32cube.ide.mcu.externaltools.gnu-tools-for-stm32.7-2018-q2-update.win32_1.4.0.202007081208/tools/bin/../lib/gcc/arm-none-eabi/7.3.1/thumb/v7-m/crtn.o
                0x0000000008002c58                . = ALIGN (0x4)
                0x0000000008002c58                _etext = .

.vfp11_veneer   0x0000000008002c58        0x0
 .vfp11_veneer  0x0000000008002c58        0x0 linker stubs

.v4_bx          0x0000000008002c58        0x0
 .v4_bx         0x0000000008002c58        0x0 linker stubs

.iplt           0x0000000008002c58        0x0
 .iplt          0x0000000008002c58        0x0 c:/st/stm32cubeide_1.4.0/stm32cubeide/plugins/com.st.stm32cube.ide.mcu.externaltools.gnu-tools-for-stm32.7-2018-q2-update.win32_1.4.0.202007081208/tools/bin/../lib/gcc/arm-none-eabi/7.3.1/thumb/v7-m/crtbegin.o

.rodata         0x0000000008002c58       0x80
                0x0000000008002c58                . = ALIGN (0x4)
 *(.rodata)
 .rodata        0x0000000008002c58       0x70 Core/Src/BOOTLOADER_main.o
 *(.rodata*)
 .rodata.AHBPrescTable
                0x0000000008002cc8       0x10 Core/Src/system_stm32f1xx.o
                0x0000000008002cc8                AHBPrescTable
                0x0000000008002cd8                . = ALIGN (0x4)

.rel.dyn        0x0000000008002cd8        0x0
 .rel.iplt      0x0000000008002cd8        0x0 c:/st/stm32cubeide_1.4.0/stm32cubeide/plugins/com.st.stm32cube.ide.mcu.externaltools.gnu-tools-for-stm32.7-2018-q2-update.win32_1.4.0.202007081208/tools/bin/../lib/gcc/arm-none-eabi/7.3.1/thumb/v7-m/crtbegin.o

.ARM.extab      0x0000000008002cd8        0x0
                0x0000000008002cd8                . = ALIGN (0x4)
 *(.ARM.extab* .gnu.linkonce.armextab.*)
                0x0000000008002cd8                . = ALIGN (0x4)

.ARM            0x0000000008002cd8        0x0
                0x0000000008002cd8                . = ALIGN (0x4)
                0x0000000008002cd8                __exidx_start = .
 *(.ARM.exidx*)
                0x0000000008002cd8                __exidx_end = .
                0x0000000008002cd8                . = ALIGN (0x4)

.preinit_array  0x0000000008002cd8        0x0
                0x0000000008002cd8                . = ALIGN (0x4)
                0x0000000008002cd8                PROVIDE (__preinit_array_start = .)
 *(.preinit_array*)
                0x0000000008002cd8                PROVIDE (__preinit_array_end = .)
                0x0000000008002cd8                . = ALIGN (0x4)

.init_array     0x0000000008002cd8        0x4
                0x0000000008002cd8                . = ALIGN (0x4)
                0x0000000008002cd8                PROVIDE (__init_array_start = .)
 *(SORT_BY_NAME(.init_array.*))
 *(.init_array*)
 .init_array    0x0000000008002cd8        0x4 c:/st/stm32cubeide_1.4.0/stm32cubeide/plugins/com.st.stm32cube.ide.mcu.externaltools.gnu-tools-for-stm32.7-2018-q2-update.win32_1.4.0.202007081208/tools/bin/../lib/gcc/arm-none-eabi/7.3.1/thumb/v7-m/crtbegin.o
                0x0000000008002cdc                PROVIDE (__init_array_end = .)
                0x0000000008002cdc                . = ALIGN (0x4)

.fini_array     0x0000000008002cdc        0x4
                0x0000000008002cdc                . = ALIGN (0x4)
                [!provide]                        PROVIDE (__fini_array_start = .)
 *(SORT_BY_NAME(.fini_array.*))
 *(.fini_array*)
 .fini_array    0x0000000008002cdc        0x4 c:/st/stm32cubeide_1.4.0/stm32cubeide/plugins/com.st.stm32cube.ide.mcu.externaltools.gnu-tools-for-stm32.7-2018-q2-update.win32_1.4.0.202007081208/tools/bin/../lib/gcc/arm-none-eabi/7.3.1/thumb/v7-m/crtbegin.o
                [!provide]                        PROVIDE (__fini_array_end = .)
                0x0000000008002ce0                . = ALIGN (0x4)
                0x0000000008002ce0                _sidata = LOADADDR (.data)

.data           0x0000000020000000        0xc load address 0x0000000008002ce0
                0x0000000020000000                . = ALIGN (0x4)
                0x0000000020000000                _sdata = .
 *(.data)
 *(.data*)
 .data.USER_definedTicks
                0x0000000020000000        0x4 Core/Src/BOOTLOADER_main.o
                0x0000000020000000                USER_definedTicks
 .data.SystemCoreClock
                0x0000000020000004        0x4 Core/Src/system_stm32f1xx.o
                0x0000000020000004                SystemCoreClock
 .data.uwTickFreq
                0x0000000020000008        0x1 Drivers/STM32F1xx_HAL_Driver/Src/stm32f1xx_hal.o
                0x0000000020000008                uwTickFreq
                0x000000002000000c                . = ALIGN (0x4)
 *fill*         0x0000000020000009        0x3 
                0x000000002000000c                _edata = .

.igot.plt       0x000000002000000c        0x0 load address 0x0000000008002cec
 .igot.plt      0x000000002000000c        0x0 c:/st/stm32cubeide_1.4.0/stm32cubeide/plugins/com.st.stm32cube.ide.mcu.externaltools.gnu-tools-for-stm32.7-2018-q2-update.win32_1.4.0.202007081208/tools/bin/../lib/gcc/arm-none-eabi/7.3.1/thumb/v7-m/crtbegin.o
                0x000000002000000c                . = ALIGN (0x4)

.bss            0x000000002000000c       0xf4 load address 0x0000000008002cec
                0x000000002000000c                _sbss = .
                0x000000002000000c                __bss_start__ = _sbss
 *(.bss)
 .bss           0x000000002000000c       0x1c c:/st/stm32cubeide_1.4.0/stm32cubeide/plugins/com.st.stm32cube.ide.mcu.externaltools.gnu-tools-for-stm32.7-2018-q2-update.win32_1.4.0.202007081208/tools/bin/../lib/gcc/arm-none-eabi/7.3.1/thumb/v7-m/crtbegin.o
 *(.bss*)
 .bss.CAN_RxBuffer
                0x0000000020000028       0x64 Core/Src/BOOTLOADER_main.o
                0x0000000020000028                CAN_RxBuffer
 .bss.CAN_i     0x000000002000008c        0x1 Core/Src/BOOTLOADER_main.o
                0x000000002000008c                CAN_i
 .bss.Flag_timeOut
                0x000000002000008d        0x1 Core/Src/BOOTLOADER_main.o
                0x000000002000008d                Flag_timeOut
 .bss.Flag_CAN  0x000000002000008e        0x1 Core/Src/BOOTLOADER_main.o
                0x000000002000008e                Flag_CAN
 .bss.FLAG_AppSwitch
                0x000000002000008f        0x1 Core/Src/BOOTLOADER_main.o
                0x000000002000008f                FLAG_AppSwitch
 .bss.addr_to_call
                0x0000000020000090        0x4 Core/Src/BOOTLOADER_main.o
                0x0000000020000090                addr_to_call
 .bss.currentApp
                0x0000000020000094        0x1 Core/Src/parse.o
                0x0000000020000094                currentApp
 *fill*         0x0000000020000095        0x3 
 .bss.USER_tick
                0x0000000020000098        0x4 Core/Src/stm32f1xx_it.o
                0x0000000020000098                USER_tick
 *(COMMON)
 COMMON         0x000000002000009c       0x5c Core/Src/BOOTLOADER_main.o
                0x000000002000009c                hcan
                0x00000000200000c4                TxHeader
                0x00000000200000dc                RxHeader
 COMMON         0x00000000200000f8        0x4 Core/Src/parse.o
                0x00000000200000f8                address
 COMMON         0x00000000200000fc        0x4 Drivers/STM32F1xx_HAL_Driver/Src/stm32f1xx_hal.o
                0x00000000200000fc                uwTick
                0x0000000020000100                . = ALIGN (0x4)
                0x0000000020000100                _ebss = .
                0x0000000020000100                __bss_end__ = _ebss

._user_heap_stack
                0x0000000020000100      0x600 load address 0x0000000008002cec
                0x0000000020000100                . = ALIGN (0x8)
                [!provide]                        PROVIDE (end = .)
                0x0000000020000100                PROVIDE (_end = .)
                0x0000000020000300                . = (. + _Min_Heap_Size)
 *fill*         0x0000000020000100      0x200 
                0x0000000020000700                . = (. + _Min_Stack_Size)
 *fill*         0x0000000020000300      0x400 
                0x0000000020000700                . = ALIGN (0x8)

/DISCARD/
 libc.a(*)
 libm.a(*)
 libgcc.a(*)

.ARM.attributes
                0x0000000000000000       0x29
 *(.ARM.attributes)
 .ARM.attributes
                0x0000000000000000       0x1d c:/st/stm32cubeide_1.4.0/stm32cubeide/plugins/com.st.stm32cube.ide.mcu.externaltools.gnu-tools-for-stm32.7-2018-q2-update.win32_1.4.0.202007081208/tools/bin/../lib/gcc/arm-none-eabi/7.3.1/thumb/v7-m/crti.o
 .ARM.attributes
                0x000000000000001d       0x2d c:/st/stm32cubeide_1.4.0/stm32cubeide/plugins/com.st.stm32cube.ide.mcu.externaltools.gnu-tools-for-stm32.7-2018-q2-update.win32_1.4.0.202007081208/tools/bin/../lib/gcc/arm-none-eabi/7.3.1/thumb/v7-m/crtbegin.o
 .ARM.attributes
                0x000000000000004a       0x33 Core/Src/BOOTLOADER_main.o
 .ARM.attributes
                0x000000000000007d       0x33 Core/Src/CLCD_Program.o
 .ARM.attributes
                0x00000000000000b0       0x33 Core/Src/FPEC_Program.o
 .ARM.attributes
                0x00000000000000e3       0x33 Core/Src/GPIO_Program.o
 .ARM.attributes
                0x0000000000000116       0x33 Core/Src/SCB_Program.o
 .ARM.attributes
                0x0000000000000149       0x33 Core/Src/SERVICE_FUNCTIONS.o
 .ARM.attributes
                0x000000000000017c       0x33 Core/Src/parse.o
 .ARM.attributes
                0x00000000000001af       0x33 Core/Src/stm32f1xx_hal_msp.o
 .ARM.attributes
                0x00000000000001e2       0x33 Core/Src/stm32f1xx_it.o
 .ARM.attributes
                0x0000000000000215       0x33 Core/Src/system_stm32f1xx.o
 .ARM.attributes
                0x0000000000000248       0x21 Core/Startup/startup_stm32f103c8tx.o
 .ARM.attributes
                0x0000000000000269       0x33 Drivers/STM32F1xx_HAL_Driver/Src/stm32f1xx_hal.o
 .ARM.attributes
                0x000000000000029c       0x33 Drivers/STM32F1xx_HAL_Driver/Src/stm32f1xx_hal_can.o
 .ARM.attributes
                0x00000000000002cf       0x33 Drivers/STM32F1xx_HAL_Driver/Src/stm32f1xx_hal_cortex.o
 .ARM.attributes
                0x0000000000000302       0x33 Drivers/STM32F1xx_HAL_Driver/Src/stm32f1xx_hal_gpio.o
 .ARM.attributes
                0x0000000000000335       0x2d c:/st/stm32cubeide_1.4.0/stm32cubeide/plugins/com.st.stm32cube.ide.mcu.externaltools.gnu-tools-for-stm32.7-2018-q2-update.win32_1.4.0.202007081208/tools/bin/../lib/gcc/arm-none-eabi/7.3.1/../../../../arm-none-eabi/lib/thumb/v7-m\libc_nano.a(lib_a-init.o)
 .ARM.attributes
                0x0000000000000362       0x1d c:/st/stm32cubeide_1.4.0/stm32cubeide/plugins/com.st.stm32cube.ide.mcu.externaltools.gnu-tools-for-stm32.7-2018-q2-update.win32_1.4.0.202007081208/tools/bin/../lib/gcc/arm-none-eabi/7.3.1/thumb/v7-m/crtn.o
OUTPUT(Main_ECU.elf elf32-littlearm)

.debug_info     0x0000000000000000     0x5c6e
 .debug_info    0x0000000000000000     0x10ca Core/Src/BOOTLOADER_main.o
 .debug_info    0x00000000000010ca      0x455 Core/Src/CLCD_Program.o
 .debug_info    0x000000000000151f      0x2d7 Core/Src/FPEC_Program.o
 .debug_info    0x00000000000017f6      0x3e5 Core/Src/GPIO_Program.o
 .debug_info    0x0000000000001bdb      0x1af Core/Src/SCB_Program.o
 .debug_info    0x0000000000001d8a      0x1d2 Core/Src/SERVICE_FUNCTIONS.o
 .debug_info    0x0000000000001f5c      0x2a6 Core/Src/parse.o
 .debug_info    0x0000000000002202      0x908 Core/Src/stm32f1xx_hal_msp.o
 .debug_info    0x0000000000002b0a      0x60b Core/Src/stm32f1xx_it.o
 .debug_info    0x0000000000003115      0x29a Core/Src/system_stm32f1xx.o
 .debug_info    0x00000000000033af       0x22 Core/Startup/startup_stm32f103c8tx.o
 .debug_info    0x00000000000033d1      0x714 Drivers/STM32F1xx_HAL_Driver/Src/stm32f1xx_hal.o
 .debug_info    0x0000000000003ae5      0xf9d Drivers/STM32F1xx_HAL_Driver/Src/stm32f1xx_hal_can.o
 .debug_info    0x0000000000004a82      0xb51 Drivers/STM32F1xx_HAL_Driver/Src/stm32f1xx_hal_cortex.o
 .debug_info    0x00000000000055d3      0x69b Drivers/STM32F1xx_HAL_Driver/Src/stm32f1xx_hal_gpio.o

.debug_abbrev   0x0000000000000000     0x159c
 .debug_abbrev  0x0000000000000000      0x2ba Core/Src/BOOTLOADER_main.o
 .debug_abbrev  0x00000000000002ba      0x113 Core/Src/CLCD_Program.o
 .debug_abbrev  0x00000000000003cd      0x162 Core/Src/FPEC_Program.o
 .debug_abbrev  0x000000000000052f      0x110 Core/Src/GPIO_Program.o
 .debug_abbrev  0x000000000000063f       0xe7 Core/Src/SCB_Program.o
 .debug_abbrev  0x0000000000000726       0x83 Core/Src/SERVICE_FUNCTIONS.o
 .debug_abbrev  0x00000000000007a9      0x12a Core/Src/parse.o
 .debug_abbrev  0x00000000000008d3      0x1b8 Core/Src/stm32f1xx_hal_msp.o
 .debug_abbrev  0x0000000000000a8b      0x161 Core/Src/stm32f1xx_it.o
 .debug_abbrev  0x0000000000000bec      0x134 Core/Src/system_stm32f1xx.o
 .debug_abbrev  0x0000000000000d20       0x12 Core/Startup/startup_stm32f103c8tx.o
 .debug_abbrev  0x0000000000000d32      0x1c7 Drivers/STM32F1xx_HAL_Driver/Src/stm32f1xx_hal.o
 .debug_abbrev  0x0000000000000ef9      0x20e Drivers/STM32F1xx_HAL_Driver/Src/stm32f1xx_hal_can.o
 .debug_abbrev  0x0000000000001107      0x2d5 Drivers/STM32F1xx_HAL_Driver/Src/stm32f1xx_hal_cortex.o
 .debug_abbrev  0x00000000000013dc      0x1c0 Drivers/STM32F1xx_HAL_Driver/Src/stm32f1xx_hal_gpio.o

.debug_aranges  0x0000000000000000      0x738
 .debug_aranges
                0x0000000000000000       0x90 Core/Src/BOOTLOADER_main.o
 .debug_aranges
                0x0000000000000090       0xd0 Core/Src/CLCD_Program.o
 .debug_aranges
                0x0000000000000160       0x50 Core/Src/FPEC_Program.o
 .debug_aranges
                0x00000000000001b0       0x58 Core/Src/GPIO_Program.o
 .debug_aranges
                0x0000000000000208       0x30 Core/Src/SCB_Program.o
 .debug_aranges
                0x0000000000000238       0x40 Core/Src/SERVICE_FUNCTIONS.o
 .debug_aranges
                0x0000000000000278       0x58 Core/Src/parse.o
 .debug_aranges
                0x00000000000002d0       0x30 Core/Src/stm32f1xx_hal_msp.o
 .debug_aranges
                0x0000000000000300       0x78 Core/Src/stm32f1xx_it.o
 .debug_aranges
                0x0000000000000378       0x28 Core/Src/system_stm32f1xx.o
 .debug_aranges
                0x00000000000003a0       0x28 Core/Startup/startup_stm32f103c8tx.o
 .debug_aranges
                0x00000000000003c8       0xe0 Drivers/STM32F1xx_HAL_Driver/Src/stm32f1xx_hal.o
 .debug_aranges
                0x00000000000004a8      0x138 Drivers/STM32F1xx_HAL_Driver/Src/stm32f1xx_hal_can.o
 .debug_aranges
                0x00000000000005e0      0x100 Drivers/STM32F1xx_HAL_Driver/Src/stm32f1xx_hal_cortex.o
 .debug_aranges
                0x00000000000006e0       0x58 Drivers/STM32F1xx_HAL_Driver/Src/stm32f1xx_hal_gpio.o

.debug_ranges   0x0000000000000000      0x650
 .debug_ranges  0x0000000000000000       0x80 Core/Src/BOOTLOADER_main.o
 .debug_ranges  0x0000000000000080       0xc0 Core/Src/CLCD_Program.o
 .debug_ranges  0x0000000000000140       0x40 Core/Src/FPEC_Program.o
 .debug_ranges  0x0000000000000180       0x48 Core/Src/GPIO_Program.o
 .debug_ranges  0x00000000000001c8       0x20 Core/Src/SCB_Program.o
 .debug_ranges  0x00000000000001e8       0x30 Core/Src/SERVICE_FUNCTIONS.o
 .debug_ranges  0x0000000000000218       0x48 Core/Src/parse.o
 .debug_ranges  0x0000000000000260       0x20 Core/Src/stm32f1xx_hal_msp.o
 .debug_ranges  0x0000000000000280       0x68 Core/Src/stm32f1xx_it.o
 .debug_ranges  0x00000000000002e8       0x18 Core/Src/system_stm32f1xx.o
 .debug_ranges  0x0000000000000300       0x20 Core/Startup/startup_stm32f103c8tx.o
 .debug_ranges  0x0000000000000320       0xd0 Drivers/STM32F1xx_HAL_Driver/Src/stm32f1xx_hal.o
 .debug_ranges  0x00000000000003f0      0x128 Drivers/STM32F1xx_HAL_Driver/Src/stm32f1xx_hal_can.o
 .debug_ranges  0x0000000000000518       0xf0 Drivers/STM32F1xx_HAL_Driver/Src/stm32f1xx_hal_cortex.o
 .debug_ranges  0x0000000000000608       0x48 Drivers/STM32F1xx_HAL_Driver/Src/stm32f1xx_hal_gpio.o

.debug_macro    0x0000000000000000    0x169d6
 .debug_macro   0x0000000000000000      0x1c5 Core/Src/BOOTLOADER_main.o
 .debug_macro   0x00000000000001c5      0xa5a Core/Src/BOOTLOADER_main.o
 .debug_macro   0x0000000000000c1f      0x215 Core/Src/BOOTLOADER_main.o
 .debug_macro   0x0000000000000e34       0x2e Core/Src/BOOTLOADER_main.o
 .debug_macro   0x0000000000000e62       0x22 Core/Src/BOOTLOADER_main.o
 .debug_macro   0x0000000000000e84       0x22 Core/Src/BOOTLOADER_main.o
 .debug_macro   0x0000000000000ea6       0x8e Core/Src/BOOTLOADER_main.o
 .debug_macro   0x0000000000000f34       0x51 Core/Src/BOOTLOADER_main.o
 .debug_macro   0x0000000000000f85       0xef Core/Src/BOOTLOADER_main.o
 .debug_macro   0x0000000000001074       0x6a Core/Src/BOOTLOADER_main.o
 .debug_macro   0x00000000000010de      0x1df Core/Src/BOOTLOADER_main.o
 .debug_macro   0x00000000000012bd       0x1c Core/Src/BOOTLOADER_main.o
 .debug_macro   0x00000000000012d9       0x22 Core/Src/BOOTLOADER_main.o
 .debug_macro   0x00000000000012fb       0xc3 Core/Src/BOOTLOADER_main.o
 .debug_macro   0x00000000000013be      0xd23 Core/Src/BOOTLOADER_main.o
 .debug_macro   0x00000000000020e1     0xe09e Core/Src/BOOTLOADER_main.o
 .debug_macro   0x000000000001017f       0x6d Core/Src/BOOTLOADER_main.o
 .debug_macro   0x00000000000101ec     0x3468 Core/Src/BOOTLOADER_main.o
 .debug_macro   0x0000000000013654      0x174 Core/Src/BOOTLOADER_main.o
 .debug_macro   0x00000000000137c8       0x5c Core/Src/BOOTLOADER_main.o
 .debug_macro   0x0000000000013824      0x5be Core/Src/BOOTLOADER_main.o
 .debug_macro   0x0000000000013de2      0x289 Core/Src/BOOTLOADER_main.o
 .debug_macro   0x000000000001406b      0x1cb Core/Src/BOOTLOADER_main.o
 .debug_macro   0x0000000000014236      0x114 Core/Src/BOOTLOADER_main.o
 .debug_macro   0x000000000001434a      0x1b2 Core/Src/BOOTLOADER_main.o
 .debug_macro   0x00000000000144fc       0x27 Core/Src/BOOTLOADER_main.o
 .debug_macro   0x0000000000014523      0x136 Core/Src/BOOTLOADER_main.o
 .debug_macro   0x0000000000014659      0x1bc Core/Src/BOOTLOADER_main.o
 .debug_macro   0x0000000000014815       0x34 Core/Src/BOOTLOADER_main.o
 .debug_macro   0x0000000000014849       0x3c Core/Src/BOOTLOADER_main.o
 .debug_macro   0x0000000000014885      0x408 Core/Src/BOOTLOADER_main.o
 .debug_macro   0x0000000000014c8d       0x57 Core/Src/BOOTLOADER_main.o
 .debug_macro   0x0000000000014ce4       0x88 Core/Src/BOOTLOADER_main.o
 .debug_macro   0x0000000000014d6c      0x241 Core/Src/BOOTLOADER_main.o
 .debug_macro   0x0000000000014fad      0x141 Core/Src/BOOTLOADER_main.o
 .debug_macro   0x00000000000150ee       0x83 Core/Src/BOOTLOADER_main.o
 .debug_macro   0x0000000000015171       0x8e Core/Src/BOOTLOADER_main.o
 .debug_macro   0x00000000000151ff       0x28 Core/Src/BOOTLOADER_main.o
 .debug_macro   0x0000000000015227       0x76 Core/Src/BOOTLOADER_main.o
 .debug_macro   0x000000000001529d       0x1c Core/Src/BOOTLOADER_main.o
 .debug_macro   0x00000000000152b9       0xd0 Core/Src/BOOTLOADER_main.o
 .debug_macro   0x0000000000015389       0x51 Core/Src/CLCD_Program.o
 .debug_macro   0x00000000000153da       0x52 Core/Src/CLCD_Program.o
 .debug_macro   0x000000000001542c      0x166 Core/Src/CLCD_Program.o
 .debug_macro   0x0000000000015592       0x8e Core/Src/CLCD_Program.o
 .debug_macro   0x0000000000015620       0x66 Core/Src/CLCD_Program.o
 .debug_macro   0x0000000000015686       0x48 Core/Src/FPEC_Program.o
 .debug_macro   0x00000000000156ce       0x9a Core/Src/FPEC_Program.o
 .debug_macro   0x0000000000015768       0x16 Core/Src/FPEC_Program.o
 .debug_macro   0x000000000001577e      0x343 Core/Src/FPEC_Program.o
 .debug_macro   0x0000000000015ac1       0x3e Core/Src/GPIO_Program.o
 .debug_macro   0x0000000000015aff       0xb8 Core/Src/GPIO_Program.o
 .debug_macro   0x0000000000015bb7      0x1b8 Core/Src/GPIO_Program.o
 .debug_macro   0x0000000000015d6f       0x3f Core/Src/SCB_Program.o
 .debug_macro   0x0000000000015dae       0x1c Core/Src/SCB_Program.o
 .debug_macro   0x0000000000015dca       0x24 Core/Src/SERVICE_FUNCTIONS.o
 .debug_macro   0x0000000000015dee       0x51 Core/Src/parse.o
 .debug_macro   0x0000000000015e3f      0x198 Core/Src/stm32f1xx_hal_msp.o
 .debug_macro   0x0000000000015fd7      0x1a2 Core/Src/stm32f1xx_it.o
 .debug_macro   0x0000000000016179      0x18e Core/Src/system_stm32f1xx.o
 .debug_macro   0x0000000000016307      0x1b2 Drivers/STM32F1xx_HAL_Driver/Src/stm32f1xx_hal.o
 .debug_macro   0x00000000000164b9      0x196 Drivers/STM32F1xx_HAL_Driver/Src/stm32f1xx_hal_can.o
 .debug_macro   0x000000000001664f      0x18e Drivers/STM32F1xx_HAL_Driver/Src/stm32f1xx_hal_cortex.o
 .debug_macro   0x00000000000167dd      0x1f9 Drivers/STM32F1xx_HAL_Driver/Src/stm32f1xx_hal_gpio.o

.debug_line     0x0000000000000000     0x4d67
 .debug_line    0x0000000000000000      0x8a2 Core/Src/BOOTLOADER_main.o
 .debug_line    0x00000000000008a2      0x378 Core/Src/CLCD_Program.o
 .debug_line    0x0000000000000c1a      0x20b Core/Src/FPEC_Program.o
 .debug_line    0x0000000000000e25      0x299 Core/Src/GPIO_Program.o
 .debug_line    0x00000000000010be       0xf9 Core/Src/SCB_Program.o
 .debug_line    0x00000000000011b7       0xfc Core/Src/SERVICE_FUNCTIONS.o
 .debug_line    0x00000000000012b3      0x200 Core/Src/parse.o
 .debug_line    0x00000000000014b3      0x67d Core/Src/stm32f1xx_hal_msp.o
 .debug_line    0x0000000000001b30      0x723 Core/Src/stm32f1xx_it.o
 .debug_line    0x0000000000002253      0x66d Core/Src/system_stm32f1xx.o
 .debug_line    0x00000000000028c0       0x87 Core/Startup/startup_stm32f103c8tx.o
 .debug_line    0x0000000000002947      0x81f Drivers/STM32F1xx_HAL_Driver/Src/stm32f1xx_hal.o
 .debug_line    0x0000000000003166      0xaee Drivers/STM32F1xx_HAL_Driver/Src/stm32f1xx_hal_can.o
 .debug_line    0x0000000000003c54      0x8f7 Drivers/STM32F1xx_HAL_Driver/Src/stm32f1xx_hal_cortex.o
 .debug_line    0x000000000000454b      0x81c Drivers/STM32F1xx_HAL_Driver/Src/stm32f1xx_hal_gpio.o

.debug_str      0x0000000000000000    0x817f5
 .debug_str     0x0000000000000000    0x7db82 Core/Src/BOOTLOADER_main.o
                                      0x7df9e (size before relaxing)
 .debug_str     0x000000000007db82      0xffc Core/Src/CLCD_Program.o
                                       0x423c (size before relaxing)
 .debug_str     0x000000000007eb7e      0xd2f Core/Src/FPEC_Program.o
                                       0x3f54 (size before relaxing)
 .debug_str     0x000000000007f8ad      0xd7e Core/Src/GPIO_Program.o
                                       0x4734 (size before relaxing)
 .debug_str     0x000000000008062b      0x13e Core/Src/SCB_Program.o
                                       0x341a (size before relaxing)
 .debug_str     0x0000000000080769      0x11d Core/Src/SERVICE_FUNCTIONS.o
                                       0x2f68 (size before relaxing)
 .debug_str     0x0000000000080886      0x108 Core/Src/parse.o
                                       0x3edd (size before relaxing)
 .debug_str     0x000000000008098e       0x7d Core/Src/stm32f1xx_hal_msp.o
                                      0x7d314 (size before relaxing)
 .debug_str     0x0000000000080a0b       0xf0 Core/Src/stm32f1xx_it.o
                                      0x7d061 (size before relaxing)
 .debug_str     0x0000000000080afb       0x52 Core/Src/system_stm32f1xx.o
                                      0x7cd1e (size before relaxing)
 .debug_str     0x0000000000080b4d       0x36 Core/Startup/startup_stm32f103c8tx.o
                                         0x6f (size before relaxing)
 .debug_str     0x0000000000080b83      0x2df Drivers/STM32F1xx_HAL_Driver/Src/stm32f1xx_hal.o
                                      0x7d3af (size before relaxing)
 .debug_str     0x0000000000080e62      0x469 Drivers/STM32F1xx_HAL_Driver/Src/stm32f1xx_hal_can.o
                                      0x7d53e (size before relaxing)
 .debug_str     0x00000000000812cb      0x21d Drivers/STM32F1xx_HAL_Driver/Src/stm32f1xx_hal_cortex.o
                                      0x7d3b7 (size before relaxing)
 .debug_str     0x00000000000814e8      0x30d Drivers/STM32F1xx_HAL_Driver/Src/stm32f1xx_hal_gpio.o
                                      0x7d0e2 (size before relaxing)

.comment        0x0000000000000000       0x7b
 .comment       0x0000000000000000       0x7b Core/Src/BOOTLOADER_main.o
                                         0x7c (size before relaxing)
 .comment       0x000000000000007b       0x7c Core/Src/CLCD_Program.o
 .comment       0x000000000000007b       0x7c Core/Src/FPEC_Program.o
 .comment       0x000000000000007b       0x7c Core/Src/GPIO_Program.o
 .comment       0x000000000000007b       0x7c Core/Src/SCB_Program.o
 .comment       0x000000000000007b       0x7c Core/Src/SERVICE_FUNCTIONS.o
 .comment       0x000000000000007b       0x7c Core/Src/parse.o
 .comment       0x000000000000007b       0x7c Core/Src/stm32f1xx_hal_msp.o
 .comment       0x000000000000007b       0x7c Core/Src/stm32f1xx_it.o
 .comment       0x000000000000007b       0x7c Core/Src/system_stm32f1xx.o
 .comment       0x000000000000007b       0x7c Drivers/STM32F1xx_HAL_Driver/Src/stm32f1xx_hal.o
 .comment       0x000000000000007b       0x7c Drivers/STM32F1xx_HAL_Driver/Src/stm32f1xx_hal_can.o
 .comment       0x000000000000007b       0x7c Drivers/STM32F1xx_HAL_Driver/Src/stm32f1xx_hal_cortex.o
 .comment       0x000000000000007b       0x7c Drivers/STM32F1xx_HAL_Driver/Src/stm32f1xx_hal_gpio.o

.debug_frame    0x0000000000000000     0x1a6c
 .debug_frame   0x0000000000000000      0x208 Core/Src/BOOTLOADER_main.o
 .debug_frame   0x0000000000000208      0x2cc Core/Src/CLCD_Program.o
 .debug_frame   0x00000000000004d4      0x118 Core/Src/FPEC_Program.o
 .debug_frame   0x00000000000005ec      0x148 Core/Src/GPIO_Program.o
 .debug_frame   0x0000000000000734       0x80 Core/Src/SCB_Program.o
 .debug_frame   0x00000000000007b4       0xd4 Core/Src/SERVICE_FUNCTIONS.o
 .debug_frame   0x0000000000000888      0x138 Core/Src/parse.o
 .debug_frame   0x00000000000009c0       0x80 Core/Src/stm32f1xx_hal_msp.o
 .debug_frame   0x0000000000000a40      0x160 Core/Src/stm32f1xx_it.o
 .debug_frame   0x0000000000000ba0       0x58 Core/Src/system_stm32f1xx.o
 .debug_frame   0x0000000000000bf8      0x334 Drivers/STM32F1xx_HAL_Driver/Src/stm32f1xx_hal.o
 .debug_frame   0x0000000000000f2c      0x5a0 Drivers/STM32F1xx_HAL_Driver/Src/stm32f1xx_hal_can.o
 .debug_frame   0x00000000000014cc      0x428 Drivers/STM32F1xx_HAL_Driver/Src/stm32f1xx_hal_cortex.o
 .debug_frame   0x00000000000018f4      0x14c Drivers/STM32F1xx_HAL_Driver/Src/stm32f1xx_hal_gpio.o
 .debug_frame   0x0000000000001a40       0x2c c:/st/stm32cubeide_1.4.0/stm32cubeide/plugins/com.st.stm32cube.ide.mcu.externaltools.gnu-tools-for-stm32.7-2018-q2-update.win32_1.4.0.202007081208/tools/bin/../lib/gcc/arm-none-eabi/7.3.1/../../../../arm-none-eabi/lib/thumb/v7-m\libc_nano.a(lib_a-init.o)
