core_cm3.h:1639:22:__NVIC_SetPriority	16	static
core_cm3.h:1834:26:SysTick_Config	16	static
main.c:81:6:HAL_CAN_RxFifo0MsgPendingCallback	16	static
main.c:94:5:main	16	static
main.c:186:6:SystemClock_Config	72	static
main.c:222:13:MX_CAN_Init	48	static
main.c:274:13:MX_GPIO_Init	32	static
main.c:294:6:USER_SysTickInit	4	static
main.c:302:6:USER_SysTickDeinit	4	static
main.c:307:6:USER_SysTickCallBack	8	static
main.c:312:6:USER_clearRxBuffer	16	static
main.c:324:6:Error_Handler	4	static,ignoring_inline_asm
