core_cm3.h:1639:22:__NVIC_SetPriority	16	static
core_cm3.h:1834:26:SysTick_Config	16	static
BOOTLOADER_main.c:115:5:main	32	static
BOOTLOADER_main.c:358:6:SystemClock_Config	72	static
BOOTLOADER_main.c:394:13:MX_CAN_Init	48	static
BOOTLOADER_main.c:446:13:MX_GPIO_Init	32	static
BOOTLOADER_main.c:501:6:BOOTLOADER_gumpToAPP1	8	static
BOOTLOADER_main.c:525:6:BOOTLOADER_gumpToAPP2	8	static
BOOTLOADER_main.c:549:6:USER_SysTickInit	4	static
BOOTLOADER_main.c:570:6:USER_SysTickDeinit	4	static
BOOTLOADER_main.c:588:6:USER_SysTickCallBack	8	static
BOOTLOADER_main.c:608:6:USER_clearRxBuffer	16	static
BOOTLOADER_main.c:629:6:HAL_CAN_RxFifo0MsgPendingCallback	16	static
BOOTLOADER_main.c:654:6:HAL_GPIO_EXTI_Callback	16	static
BOOTLOADER_main.c:665:6:Error_Handler	4	static,ignoring_inline_asm
